[    0.000000] Linux version 4.15.0-200-generic (buildd@lcy02-amd64-069) (gcc version 7.5.0 (Ubuntu 7.5.0-3ubuntu1~18.04)) #211-Ubuntu SMP Thu Nov 24 18:16:04 UTC 2022 (Ubuntu 4.15.0-200.211-generic 4.15.18)
[    0.000000] Command line: BOOT_IMAGE=/boot/vmlinuz-4.15.0-200-generic root=LABEL=cloudimg-rootfs ro console=tty1 console=ttyS0
[    0.000000] KERNEL supported cpus:
[    0.000000]   Intel GenuineIntel
[    0.000000]   AMD AuthenticAMD
[    0.000000]   Centaur CentaurHauls
[    0.000000] [Firmware Bug]: TSC doesn't count with P0 frequency!
[    0.000000] x86/fpu: Supporting XSAVE feature 0x001: 'x87 floating point registers'
[    0.000000] x86/fpu: Supporting XSAVE feature 0x002: 'SSE registers'
[    0.000000] x86/fpu: Supporting XSAVE feature 0x004: 'AVX registers'
[    0.000000] x86/fpu: xstate_offset[2]:  576, xstate_sizes[2]:  256
[    0.000000] x86/fpu: Enabled xstate features 0x7, context size is 832 bytes, using 'standard' format.
[    0.000000] e820: BIOS-provided physical RAM map:
[    0.000000] BIOS-e820: [mem 0x0000000000000000-0x000000000009fbff] usable
[    0.000000] BIOS-e820: [mem 0x000000000009fc00-0x000000000009ffff] reserved
[    0.000000] BIOS-e820: [mem 0x00000000000f0000-0x00000000000fffff] reserved
[    0.000000] BIOS-e820: [mem 0x0000000000100000-0x000000001ffeffff] usable
[    0.000000] BIOS-e820: [mem 0x000000001fff0000-0x000000001fffffff] ACPI data
[    0.000000] BIOS-e820: [mem 0x00000000fec00000-0x00000000fec00fff] reserved
[    0.000000] BIOS-e820: [mem 0x00000000fee00000-0x00000000fee00fff] reserved
[    0.000000] BIOS-e820: [mem 0x00000000fffc0000-0x00000000ffffffff] reserved
[    0.000000] NX (Execute Disable) protection: active
[    0.000000] SMBIOS 2.5 present.
[    0.000000] DMI: innotek GmbH VirtualBox/VirtualBox, BIOS VirtualBox 12/01/2006
[    0.000000] Hypervisor detected: KVM
[    0.000000] e820: last_pfn = 0x1fff0 max_arch_pfn = 0x400000000
[    0.000000] MTRR: Disabled
[    0.000000] x86/PAT: MTRRs disabled, skipping PAT initialization too.
[    0.000000] CPU MTRRs all blank - virtualized system.
[    0.000000] x86/PAT: Configuration [0-7]: WB  WT  UC- UC  WB  WT  UC- UC  
[    0.000000] found SMP MP-table at [mem 0x0009fff0-0x0009ffff]
[    0.000000] Scanning 1 areas for low memory corruption
[    0.000000] RAMDISK: [mem 0x1dadc000-0x1edeefff]
[    0.000000] ACPI: Early table checksum verification disabled
[    0.000000] ACPI: RSDP 0x00000000000E0000 000024 (v02 VBOX  )
[    0.000000] ACPI: XSDT 0x000000001FFF0030 00003C (v01 VBOX   VBOXXSDT 00000001 ASL  00000061)
[    0.000000] ACPI: FACP 0x000000001FFF00F0 0000F4 (v04 VBOX   VBOXFACP 00000001 ASL  00000061)
[    0.000000] ACPI: DSDT 0x000000001FFF0610 002353 (v02 VBOX   VBOXBIOS 00000002 INTL 20100528)
[    0.000000] ACPI: FACS 0x000000001FFF0200 000040
[    0.000000] ACPI: FACS 0x000000001FFF0200 000040
[    0.000000] ACPI: APIC 0x000000001FFF0240 000054 (v02 VBOX   VBOXAPIC 00000001 ASL  00000061)
[    0.000000] ACPI: SSDT 0x000000001FFF02A0 00036C (v01 VBOX   VBOXCPUT 00000002 INTL 20100528)
[    0.000000] ACPI: Reserving FACP table memory at [mem 0x1fff00f0-0x1fff01e3]
[    0.000000] ACPI: Reserving DSDT table memory at [mem 0x1fff0610-0x1fff2962]
[    0.000000] ACPI: Reserving FACS table memory at [mem 0x1fff0200-0x1fff023f]
[    0.000000] ACPI: Reserving FACS table memory at [mem 0x1fff0200-0x1fff023f]
[    0.000000] ACPI: Reserving APIC table memory at [mem 0x1fff0240-0x1fff0293]
[    0.000000] ACPI: Reserving SSDT table memory at [mem 0x1fff02a0-0x1fff060b]
[    0.000000] No NUMA configuration found
[    0.000000] Faking a node at [mem 0x0000000000000000-0x000000001ffeffff]
[    0.000000] NODE_DATA(0) allocated [mem 0x1ffc5000-0x1ffeffff]
[    0.000000] kvm-clock: cpu 0, msr 0:1ff44001, primary cpu clock
[    0.000000] kvm-clock: Using msrs 4b564d01 and 4b564d00
[    0.000000] kvm-clock: using sched offset of 4022616697 cycles
[    0.000000] clocksource: kvm-clock: mask: 0xffffffffffffffff max_cycles: 0x1cd42e4dffb, max_idle_ns: 881590591483 ns
[    0.000000] Zone ranges:
[    0.000000]   DMA      [mem 0x0000000000001000-0x0000000000ffffff]
[    0.000000]   DMA32    [mem 0x0000000001000000-0x000000001ffeffff]
[    0.000000]   Normal   empty
[    0.000000]   Device   empty
[    0.000000] Movable zone start for each node
[    0.000000] Early memory node ranges
[    0.000000]   node   0: [mem 0x0000000000001000-0x000000000009efff]
[    0.000000]   node   0: [mem 0x0000000000100000-0x000000001ffeffff]
[    0.000000] Reserved but unavailable: 104 pages
[    0.000000] Initmem setup node 0 [mem 0x0000000000001000-0x000000001ffeffff]
[    0.000000] ACPI: PM-Timer IO Port: 0x4008
[    0.000000] IOAPIC[0]: apic_id 1, version 32, address 0xfec00000, GSI 0-23
[    0.000000] ACPI: INT_SRC_OVR (bus 0 bus_irq 0 global_irq 2 dfl dfl)
[    0.000000] ACPI: INT_SRC_OVR (bus 0 bus_irq 9 global_irq 9 low level)
[    0.000000] Using ACPI (MADT) for SMP configuration information
[    0.000000] smpboot: Allowing 1 CPUs, 0 hotplug CPUs
[    0.000000] PM: Registered nosave memory: [mem 0x00000000-0x00000fff]
[    0.000000] PM: Registered nosave memory: [mem 0x0009f000-0x0009ffff]
[    0.000000] PM: Registered nosave memory: [mem 0x000a0000-0x000effff]
[    0.000000] PM: Registered nosave memory: [mem 0x000f0000-0x000fffff]
[    0.000000] e820: [mem 0x20000000-0xfebfffff] available for PCI devices
[    0.000000] Booting paravirtualized kernel on KVM
[    0.000000] clocksource: refined-jiffies: mask: 0xffffffff max_cycles: 0xffffffff, max_idle_ns: 7645519600211568 ns
[    0.000000] setup_percpu: NR_CPUS:8192 nr_cpumask_bits:1 nr_cpu_ids:1 nr_node_ids:1
[    0.000000] percpu: Embedded 50 pages/cpu s167936 r8192 d28672 u2097152
[    0.000000] PV qspinlock hash table entries: 256 (order: 0, 4096 bytes)
[    0.000000] Built 1 zonelists, mobility grouping on.  Total pages: 128889
[    0.000000] Policy zone: DMA32
[    0.000000] Kernel command line: BOOT_IMAGE=/boot/vmlinuz-4.15.0-200-generic root=LABEL=cloudimg-rootfs ro console=tty1 console=ttyS0
[    0.000000] Memory: 466752K/523832K available (12300K kernel code, 2477K rwdata, 4320K rodata, 2472K init, 2720K bss, 57080K reserved, 0K cma-reserved)
[    0.000000] SLUB: HWalign=64, Order=0-3, MinObjects=0, CPUs=1, Nodes=1
[    0.000000] ftrace: allocating 39478 entries in 155 pages
[    0.004000] Hierarchical RCU implementation.
[    0.004000] 	RCU restricting CPUs from NR_CPUS=8192 to nr_cpu_ids=1.
[    0.004000] 	Tasks RCU enabled.
[    0.004000] RCU: Adjusting geometry for rcu_fanout_leaf=16, nr_cpu_ids=1
[    0.004000] NR_IRQS: 524544, nr_irqs: 256, preallocated irqs: 16
[    0.004000] random: crng init done
[    0.004000] Console: colour VGA+ 80x25
[    0.004000] console [tty1] enabled
[    0.004000] console [ttyS0] enabled
[    0.004000] ACPI: Core revision 20170831
[    0.004000] ACPI: 2 ACPI AML tables successfully acquired and loaded
[    0.004000] APIC: Switch to symmetric I/O mode setup
[    0.004000] x2apic enabled
[    0.004000] Switched APIC routing to physical x2apic.
[    0.006082] ..TIMER: vector=0x30 apic1=0 pin1=2 apic2=-1 pin2=-1
[    0.008008] tsc: Detected 2295.690 MHz processor
[    0.009130] Calibrating delay loop (skipped) preset value.. 4591.38 BogoMIPS (lpj=9182760)
[    0.012009] pid_max: default: 32768 minimum: 301
[    0.013257] Security Framework initialized
[    0.014437] Yama: becoming mindful.
[    0.016048] AppArmor: AppArmor initialized
[    0.017317] Dentry cache hash table entries: 65536 (order: 7, 524288 bytes)
[    0.019671] Inode-cache hash table entries: 32768 (order: 6, 262144 bytes)
[    0.020037] Mount-cache hash table entries: 1024 (order: 1, 8192 bytes)
[    0.021773] Mountpoint-cache hash table entries: 1024 (order: 1, 8192 bytes)
[    0.024423] CPU0: Hyper-Threading is disabled
[    0.025731] Last level iTLB entries: 4KB 1024, 2MB 1024, 4MB 512
[    0.028010] Last level dTLB entries: 4KB 1536, 2MB 1536, 4MB 768, 1GB 0
[    0.029755] Spectre V1 : Mitigation: usercopy/swapgs barriers and __user pointer sanitization
[    0.032010] Spectre V2 : Mitigation: Retpolines
[    0.033316] Spectre V2 : Spectre v2 / SpectreRSB mitigation: Filling RSB on context switch
[    0.040065] Freeing SMP alternatives memory: 36K
[    0.156099] smpboot: CPU0: AMD Ryzen 7 3750H with Radeon Vega Mobile Gfx (family: 0x17, model: 0x18, stepping: 0x1)
[    0.159219] Performance Events: PMU not available due to virtualization, using software events only.
[    0.160106] Hierarchical SRCU implementation.
[    0.162103] NMI watchdog: Perf event create on CPU 0 failed with -2
[    0.164023] NMI watchdog: Perf NMI watchdog permanently disabled
[    0.165805] smp: Bringing up secondary CPUs ...
[    0.168011] smp: Brought up 1 node, 1 CPU
[    0.169091] smpboot: Max logical packages: 1
[    0.170172] smpboot: Total of 1 processors activated (4591.38 BogoMIPS)
[    0.172224] devtmpfs: initialized
[    0.173219] x86/mm: Memory block size: 128MB
[    0.176057] evm: security.selinux
[    0.176893] evm: security.SMACK64
[    0.177735] evm: security.SMACK64EXEC
[    0.178714] evm: security.SMACK64TRANSMUTE
[    0.179704] evm: security.SMACK64MMAP
[    0.180006] evm: security.apparmor
[    0.180865] evm: security.ima
[    0.181640] evm: security.capability
[    0.182706] clocksource: jiffies: mask: 0xffffffff max_cycles: 0xffffffff, max_idle_ns: 7645041785100000 ns
[    0.184017] futex hash table entries: 256 (order: 2, 16384 bytes)
[    0.185592] pinctrl core: initialized pinctrl subsystem
[    0.188144] RTC time: 19:43:00, date: 12/14/22
[    0.189382] NET: Registered protocol family 16
[    0.190567] audit: initializing netlink subsys (disabled)
[    0.192175] cpuidle: using governor ladder
[    0.193289] cpuidle: using governor menu
[    0.194622] audit: type=2000 audit(1671046985.990:1): state=initialized audit_enabled=0 res=1
[    0.196056] ACPI: bus type PCI registered
[    0.197069] acpiphp: ACPI Hot Plug PCI Controller Driver version: 0.5
[    0.200120] PCI: Using configuration type 1 for base access
[    0.201512] PCI: Using configuration type 1 for extended access
[    0.204000] HugeTLB registered 2.00 MiB page size, pre-allocated 0 pages
[    0.204226] ACPI: Added _OSI(Module Device)
[    0.208007] ACPI: Added _OSI(Processor Device)
[    0.209165] ACPI: Added _OSI(3.0 _SCP Extensions)
[    0.210475] ACPI: Added _OSI(Processor Aggregator Device)
[    0.212014] ACPI: Added _OSI(Linux-Dell-Video)
[    0.213123] ACPI: Added _OSI(Linux-Lenovo-NV-HDMI-Audio)
[    0.214468] ACPI: Added _OSI(Linux-HPI-Hybrid-Graphics)
[    0.216382] ACPI: Executed 1 blocks of module-level executable AML code
[    0.221704] ACPI: Interpreter enabled
[    0.222649] ACPI: (supports S0 S5)
[    0.224005] ACPI: Using IOAPIC for interrupt routing
[    0.225497] PCI: Using host bridge windows from ACPI; if necessary, use "pci=nocrs" and report a bug
[    0.227891] ACPI: Enabled 2 GPEs in block 00 to 07
[    0.237528] ACPI: PCI Root Bridge [PCI0] (domain 0000 [bus 00-ff])
[    0.239089] acpi PNP0A03:00: _OSC: OS supports [ExtendedConfig ASPM ClockPM Segments MSI]
[    0.241351] acpi PNP0A03:00: _OSC: platform does not support [PCIeCapability]
[    0.244340] acpi PNP0A03:00: _OSC: not requesting control; platform does not support [PCIeCapability]
[    0.246545] acpi PNP0A03:00: _OSC: OS requested [PCIeHotplug PME AER PCIeCapability]
[    0.248005] acpi PNP0A03:00: _OSC: platform willing to grant [PCIeHotplug PME AER]
[    0.249619] acpi PNP0A03:00: _OSC failed (AE_SUPPORT); disabling ASPM
[    0.252483] PCI host bridge to bus 0000:00
[    0.253504] pci_bus 0000:00: root bus resource [io  0x0000-0x0cf7 window]
[    0.255276] pci_bus 0000:00: root bus resource [io  0x0d00-0xffff window]
[    0.256006] pci_bus 0000:00: root bus resource [mem 0x000a0000-0x000bffff window]
[    0.257848] pci_bus 0000:00: root bus resource [mem 0x20000000-0xfdffffff window]
[    0.260006] pci_bus 0000:00: root bus resource [bus 00-ff]
[    0.265072] pci 0000:00:01.1: legacy IDE quirk: reg 0x10: [io  0x01f0-0x01f7]
[    0.266767] pci 0000:00:01.1: legacy IDE quirk: reg 0x14: [io  0x03f6]
[    0.268006] pci 0000:00:01.1: legacy IDE quirk: reg 0x18: [io  0x0170-0x0177]
[    0.269809] pci 0000:00:01.1: legacy IDE quirk: reg 0x1c: [io  0x0376]
[    0.283207] pci 0000:00:07.0: quirk: [io  0x4000-0x403f] claimed by PIIX4 ACPI
[    0.284030] pci 0000:00:07.0: quirk: [io  0x4100-0x410f] claimed by PIIX4 SMB
[    0.295000] ACPI: PCI Interrupt Link [LNKA] (IRQs 5 9 10 *11)
[    0.296455] ACPI: PCI Interrupt Link [LNKB] (IRQs 5 9 *10 11)
[    0.298106] ACPI: PCI Interrupt Link [LNKC] (IRQs 5 *9 10 11)
[    0.300232] ACPI: PCI Interrupt Link [LNKD] (IRQs 5 9 10 *11)
[    0.302657] SCSI subsystem initialized
[    0.304198] pci 0000:00:02.0: vgaarb: setting as boot VGA device
[    0.305734] pci 0000:00:02.0: vgaarb: VGA device added: decodes=io+mem,owns=io+mem,locks=none
[    0.308011] pci 0000:00:02.0: vgaarb: bridge control possible
[    0.309736] vgaarb: loaded
[    0.310626] ACPI: bus type USB registered
[    0.311695] usbcore: registered new interface driver usbfs
[    0.312035] usbcore: registered new interface driver hub
[    0.313579] usbcore: registered new device driver usb
[    0.316142] EDAC MC: Ver: 3.0.0
[    0.317683] PCI: Using ACPI for IRQ routing
[    0.319369] NetLabel: Initializing
[    0.320010] NetLabel:  domain hash size = 128
[    0.321433] NetLabel:  protocols = UNLABELED CIPSOv4 CALIPSO
[    0.322990] NetLabel:  unlabeled traffic allowed by default
[    0.324215] clocksource: Switched to clocksource kvm-clock
[    0.360575] VFS: Disk quotas dquot_6.6.0
[    0.361769] VFS: Dquot-cache hash table entries: 512 (order 0, 4096 bytes)
[    0.363813] AppArmor: AppArmor Filesystem Enabled
[    0.365183] pnp: PnP ACPI init
[    0.367947] pnp: PnP ACPI: found 3 devices
[    0.375687] clocksource: acpi_pm: mask: 0xffffff max_cycles: 0xffffff, max_idle_ns: 2085701024 ns
[    0.378505] NET: Registered protocol family 2
[    0.379835] IP idents hash table entries: 8192 (order: 4, 65536 bytes)
[    0.382057] TCP established hash table entries: 4096 (order: 3, 32768 bytes)
[    0.383980] TCP bind hash table entries: 4096 (order: 4, 65536 bytes)
[    0.385753] TCP: Hash tables configured (established 4096 bind 4096)
[    0.387656] UDP hash table entries: 256 (order: 1, 8192 bytes)
[    0.389210] UDP-Lite hash table entries: 256 (order: 1, 8192 bytes)
[    0.390868] NET: Registered protocol family 1
[    0.392168] pci 0000:00:00.0: Limiting direct PCI/PCI transfers
[    0.393698] pci 0000:00:01.0: Activating ISA DMA hang workarounds
[    0.395363] pci 0000:00:02.0: Video device with shadowed ROM at [mem 0x000c0000-0x000dffff]
[    0.397739] Unpacking initramfs...
[    0.952061] Freeing initrd memory: 19532K
[    0.954151] clocksource: tsc: mask: 0xffffffffffffffff max_cycles: 0x21174d6ed11, max_idle_ns: 440795210673 ns
[    0.956459] platform rtc_cmos: registered platform RTC device (no PNP device found)
[    0.958112] Scanning for low memory corruption every 60 seconds
[    0.960050] Initialise system trusted keyrings
[    0.961152] Key type blacklist registered
[    0.962102] workingset: timestamp_bits=36 max_order=17 bucket_order=0
[    0.964503] zbud: loaded
[    0.965790] squashfs: version 4.0 (2009/01/31) Phillip Lougher
[    0.967234] fuse init (API version 7.26)
[    0.969180] Key type asymmetric registered
[    0.970401] Asymmetric key parser 'x509' registered
[    0.971748] Block layer SCSI generic (bsg) driver version 0.4 loaded (major 246)
[    0.973503] io scheduler noop registered
[    0.974643] io scheduler deadline registered
[    0.975895] io scheduler cfq registered (default)
[    0.977297] ACPI: AC Adapter [AC] (off-line)
[    0.978394] input: Power Button as /devices/LNXSYSTM:00/LNXPWRBN:00/input/input0
[    0.980474] ACPI: Power Button [PWRF]
[    0.981615] input: Sleep Button as /devices/LNXSYSTM:00/LNXSLPBN:00/input/input1
[    0.983533] ACPI: Sleep Button [SLPF]
[    0.985631] ACPI: Battery Slot [BAT0] (battery present)
[    0.987152] Serial: 8250/16550 driver, 32 ports, IRQ sharing enabled
[    0.992649] 00:02: ttyS0 at I/O 0x3f8 (irq  4, base_baud = 115200) is a 16550A
[    1.013912] Linux agpgart interface v0.103
[    1.016015] loop: module loaded
[    1.017525] scsi host0: ata_piix
[    1.018419] scsi host1: ata_piix
[    1.019290] ata1: PATA max UDMA/33 cmd 0x1f0 ctl 0x3f6 bmdma 0xd000 irq 14
[    1.020856] ata2: PATA max UDMA/33 cmd 0x170 ctl 0x376 bmdma 0xd008 irq 15
[    1.022887] tun: Universal TUN/TAP device driver, 1.6
[    1.024052] PPP generic driver version 2.4.2
[    1.025123] ehci_hcd: USB 2.0 'Enhanced' Host Controller (EHCI) Driver
[    1.026493] ehci-pci: EHCI PCI platform driver
[    1.027506] ehci-platform: EHCI generic platform driver
[    1.028813] ohci_hcd: USB 1.1 'Open' Host Controller (OHCI) Driver
[    1.030411] ohci-pci: OHCI PCI platform driver
[    1.031658] ohci-platform: OHCI generic platform driver
[    1.032857] uhci_hcd: USB Universal Host Controller Interface driver
[    1.034504] i8042: PNP: PS/2 Controller [PNP0303:PS2K,PNP0f03:PS2M] at 0x60,0x64 irq 1,12
[    1.037274] serio: i8042 KBD port at 0x60,0x64 irq 1
[    1.038496] serio: i8042 AUX port at 0x60,0x64 irq 12
[    1.039942] mousedev: PS/2 mouse device common for all mice
[    1.041551] input: AT Translated Set 2 keyboard as /devices/platform/i8042/serio0/input/input2
[    1.044129] rtc_cmos rtc_cmos: rtc core: registered rtc_cmos as rtc0
[    1.045966] rtc_cmos rtc_cmos: alarms up to one day, 114 bytes nvram
[    1.047734] i2c /dev entries driver
[    1.048744] device-mapper: uevent: version 1.0.3
[    1.050084] device-mapper: ioctl: 4.37.0-ioctl (2017-09-20) initialised: dm-devel@redhat.com
[    1.052580] ledtrig-cpu: registered to indicate activity on CPUs
[    1.054686] NET: Registered protocol family 10
[    1.059582] Segment Routing with IPv6
[    1.060767] NET: Registered protocol family 17
[    1.061981] Key type dns_resolver registered
[    1.063276] mce: Using 0 MCE banks
[    1.064288] RAS: Correctable Errors collector initialized.
[    1.065769] sched_clock: Marking stable (1064242285, 0)->(1310989733, -246747448)
[    1.067611] registered taskstats version 1
[    1.068710] Loading compiled-in X.509 certificates
[    1.072355] Loaded X.509 cert 'Build time autogenerated kernel key: 29e5beaa583364da097e68c9386761f80dbce7ef'
[    1.075318] Loaded X.509 cert 'Canonical Ltd. Live Patch Signing: 14df34d1a87cf37625abec039ef2bf521249b969'
[    1.078336] Loaded X.509 cert 'Canonical Ltd. Kernel Module Signing: 88f752e560a1e0737e31163a466ad7b70a850c19'
[    1.080626] blacklist: Loading compiled-in revocation X.509 certificates
[    1.082404] Loaded X.509 cert 'Canonical Ltd. Secure Boot Signing: 61482aa2830d0ab2ad5af10b7250da9033ddcef0'
[    1.084903] zswap: loaded using pool lzo/zbud
[    1.089054] Key type big_key registered
[    1.090158] Key type trusted registered
[    1.092953] Key type encrypted registered
[    1.094039] AppArmor: AppArmor sha1 policy hashing enabled
[    1.095526] ima: No TPM chip found, activating TPM-bypass! (rc=-19)
[    1.097188] ima: Allocated hash algorithm: sha1
[    1.098331] evm: HMAC attrs: 0x1
[    1.099491]   Magic number: 2:789:748
[    1.100568] rtc_cmos rtc_cmos: setting system clock to 2022-12-14 19:43:01 UTC (1671046981)
[    1.102770] BIOS EDD facility v0.16 2004-Jun-25, 0 devices found
[    1.104378] EDD information not available.
[    1.218640] Freeing unused kernel image memory: 2472K
[    1.228260] Write protecting the kernel read-only data: 20480k
[    1.234264] Freeing unused kernel image memory: 2008K
[    1.238437] Freeing unused kernel image memory: 1824K
[    1.268802] x86/mm: Checked W+X mappings: passed, no W+X pages found.
Loading, please wait...
starting version 237
[    1.440057] Fusion MPT base driver 3.04.20
[    1.441494] Copyright (c) 1999-2008 LSI Corporation
[    1.443513] e1000: Intel(R) PRO/1000 Network Driver - version 7.3.21-k8-NAPI
[    1.445923] e1000: Copyright (c) 1999-2006 Intel Corporation.
[    1.511920] Fusion MPT SPI Host driver 3.04.20
[    1.536889] AVX2 version of gcm_enc/dec engaged.
[    1.538312] AES CTR mode by8 optimization enabled
[    1.666576] input: ImExPS/2 Generic Explorer Mouse as /devices/platform/i8042/serio1/input/input4
[    1.969709] e1000 0000:00:03.0 eth0: (PCI:33MHz:32-bit) 02:0b:d2:67:80:32
[    1.971358] e1000 0000:00:03.0 eth0: Intel(R) PRO/1000 Network Connection
[    1.973965] mptbase: ioc0: Initiating bringup
[    2.080726] ioc0: LSI53C1030 A0: Capabilities={Initiator}
[    2.324113] scsi host2: ioc0: LSI53C1030 A0, FwRev=00000000h, Ports=1, MaxQ=256, IRQ=20
[    2.496553] scsi 2:0:0:0: Direct-Access     VBOX     HARDDISK         1.0  PQ: 0 ANSI: 5
[    2.499141] scsi target2:0:0: Beginning Domain Validation
[    2.505376] scsi target2:0:0: Domain Validation skipping write tests
[    2.507295] scsi target2:0:0: Ending Domain Validation
[    2.509137] scsi target2:0:0: asynchronous
[    2.511505] scsi 2:0:1:0: Direct-Access     VBOX     HARDDISK         1.0  PQ: 0 ANSI: 5
[    2.514207] scsi target2:0:1: Beginning Domain Validation
[    2.517590] scsi target2:0:1: Domain Validation skipping write tests
[    2.519217] scsi target2:0:1: Ending Domain Validation
[    2.520748] scsi target2:0:1: asynchronous
[    2.532569] sd 2:0:0:0: [sda] 83886080 512-byte logical blocks: (42.9 GB/40.0 GiB)
[    2.535072] sd 2:0:0:0: [sda] Write Protect is off
[    2.542335] sd 2:0:0:0: Attached scsi generic sg0 type 0
[    2.545795] sd 2:0:0:0: [sda] Incomplete mode parameter data
[    2.547483] sd 2:0:0:0: [sda] Assuming drive cache: write through
[    2.554956] sd 2:0:1:0: Attached scsi generic sg1 type 0
[    2.556848] sd 2:0:1:0: [sdb] 20480 512-byte logical blocks: (10.5 MB/10.0 MiB)
[    2.559503] sd 2:0:1:0: [sdb] Write Protect is off
[    2.561286] sd 2:0:1:0: [sdb] Incomplete mode parameter data
[    2.563411] sd 2:0:1:0: [sdb] Assuming drive cache: write through
[    2.566884]  sda: sda1
[    2.569188] sd 2:0:0:0: [sda] Attached SCSI disk
[    2.626355] sd 2:0:1:0: [sdb] Attached SCSI disk
[    3.046235] e1000 0000:00:08.0 eth1: (PCI:33MHz:32-bit) 08:00:27:12:de:67
[    3.048659] e1000 0000:00:08.0 eth1: Intel(R) PRO/1000 Network Connection
[    3.052712] e1000 0000:00:08.0 enp0s8: renamed from eth1
[    3.056071] e1000 0000:00:03.0 enp0s3: renamed from eth0
Begin: Loading essential drivers ... [    4.690190] raid6: sse2x1   gen()  5446 MB/s
[    4.755046] raid6: sse2x1   xor()  4266 MB/s
[    4.819240] raid6: sse2x2   gen()  8593 MB/s
[    4.883434] raid6: sse2x2   xor()  5756 MB/s
[    4.949929] raid6: sse2x4   gen()  9467 MB/s
[    5.012464] raid6: sse2x4   xor()  5517 MB/s
[    5.061836] raid6: avx2x1   gen() 10761 MB/s
[    5.131352] raid6: avx2x1   xor()  9260 MB/s
[    5.202531] raid6: avx2x2   gen() 16089 MB/s
[    5.268061] raid6: avx2x2   xor() 10059 MB/s
[    5.332143] raid6: avx2x4   gen() 15451 MB/s
[    5.398180] raid6: avx2x4   xor()  8849 MB/s
[    5.400663] raid6: using algorithm avx2x2 gen() 16089 MB/s
[    5.402121] raid6: .... xor() 10059 MB/s, rmw enabled
[    5.403464] raid6: using avx2x2 recovery algorithm
[    5.407809] xor: automatically using best checksumming function   avx       
[    5.412772] async_tx: api initialized (async)
done.
Begin: Running /scripts/init-premount ... done.
Begin: Mounting root file system ... Begin: Running /scripts/local-top ... done.
Begin: Running /scripts/local-premount ... [    5.502839] Btrfs loaded, crc32c=crc32c-intel
Scanning for Btrfs filesystems
done.
Warning: fsck not present, so skipping root file system
[    5.551166] EXT4-fs (sda1): mounted filesystem with ordered data mode. Opts: (null)
done.
Begin: Running /scripts/local-bottom ... done.
Begin: Running /scripts/init-bottom ... done.
[    5.769243] ip_tables: (C) 2000-2006 Netfilter Core Team
[    5.783118] systemd[1]: systemd 237 running in system mode. (+PAM +AUDIT +SELINUX +IMA +APPARMOR +SMACK +SYSVINIT +UTMP +LIBCRYPTSETUP +GCRYPT +GNUTLS +ACL +XZ +LZ4 +SECCOMP +BLKID +ELFUTILS +KMOD -IDN2 +IDN -PCRE2 default-hierarchy=hybrid)
[    5.788546] systemd[1]: Detected virtualization oracle.
[    5.790117] systemd[1]: Detected architecture x86-64.

Welcome to [1mUbuntu 18.04.6 LTS[0m!

[    5.796745] systemd[1]: Set hostname to <ubuntu>.
[    5.802060] systemd[1]: Initializing machine ID from random generator.
[    5.803928] systemd[1]: Installed transient /etc/machine-id file.
[    6.151804] systemd[1]: Set up automount Arbitrary Executable File Formats File System Automount Point.
[[0;32m  OK  [0m] Set up automount Arbitrary Executabâ€¦rmats File System Automount Point.
[    6.156584] systemd[1]: Reached target Swap.
[[0;32m  OK  [0m] Reached target Swap.
[    6.159463] systemd[1]: Created slice System Slice.
[[0;32m  OK  [0m] Created slice System Slice.
[    6.161812] systemd[1]: Listening on Journal Socket.
[[0;32m  OK  [0m] Listening on Journal Socket.
         Starting Set the console keyboard layout...
[[0;32m  OK  [0m] Started Forward Password Requests to Wall Directory Watch.
         Starting Load Kernel Modules...
[[0;32m  OK  [0m] Listening on Journal Socket (/dev/log).
         Starting Create list of required stâ€¦ce nodes for the current kernel...
[[0;32m  OK  [0m] Reached target System Time Synchronized.
[[0;32m  OK  [0m] Listening on udev Control Socket.
[    6.207023] Loading iSCSI transport class v2.0-870.
         Starting Uncomplicated firewall...
[[0;32m  OK  [0m] Listening on /dev/initctl Compatibility Named Pipe.
[[0;32m  OK  [0m] Listening on Journal Audit Socket.
         Mounting POSIX Message Queue File System...
[[0;32m  OK  [0m] Listening on Network Service Netlink Socket.
[[0;32m  OK  [0m] Listening on LVM2 poll daemon socket.
[    6.251141] iscsi: registered transport (tcp)
[[0;32m  OK  [0m] Reached target User and Group Name Lookups.
[[0;32m  OK  [0m] Created slice User and Session Slice.
[[0;32m  OK  [0m] Listening on Device-mapper event daemon FIFOs.
[[0;32m  OK  [0m] Listening on Syslog Socket.
         Starting Journal Service...
         Mounting Kernel Debug File System...
[[0;32m  OK  [0m] Created slice system-serial\x2dgetty.slice.
[[0;32m  OK  [0m] Listening on LVM2 metadata daemon socket.
         Starting Monitoring of LVM2 mirrorsâ€¦ng dmeventd or progress polling...
         Mounting Huge Pages File System...
[[0;32m  OK  [0m] Listening on fsck to fsckd communication Socket.
         Starting File System Check on Root Device...
[[0;32m  OK  [0m] Listening on udev Kernel Socket.
         Starting udev Coldplug all Devices...
[[0;32m  OK  [0m] Reached target Slices.
[[0;32m  OK  [0m] Started Create list of required staâ€¦vice nodes for the current kernel.
[[0;32m  OK  [0m] Started Uncomplicated firewall.
[[0;32m  OK  [0m] Mounted POSIX Message Queue File System.
[[0;32m  OK  [0m] Mounted Kernel Debug File System.
[[0;32m  OK  [0m] Mounted Huge Pages File System.
         Starting Create Static Device Nodes in /dev...
[[0;32m  OK  [0m] Started LVM2 metadata daemon.
[[0;32m  OK  [0m] Started File System Check Daemon to report status.
[[0;32m  OK  [0m] Started Create Static Device Nodes in /dev.
[[0;32m  OK  [0m] Started udev Coldplug all Devices.
[[0;32m  OK  [0m] Started Monitoring of LVM2 mirrors,â€¦sing dmeventd or progress polling.
[    6.539285] iscsi: registered transport (iser)
[[0;32m  OK  [0m] Started File System Check on Root Device.
         Starting Remount Root and Kernel File Systems...
[[0;32m  OK  [0m] Started Load Kernel Modules.
         Mounting Kernel Configuration File System...
[    6.578904] EXT4-fs (sda1): re-mounted. Opts: (null)
         Starting Apply Kernel Variables...
         Mounting FUSE Control File System...
[[0;32m  OK  [0m] Started Journal Service.
[[0;32m  OK  [0m] Started Remount Root and Kernel File Systems.
[[0;32m  OK  [0m] Mounted Kernel Configuration File System.
[[0;32m  OK  [0m] Mounted FUSE Control File System.
         Starting udev Kernel Device Manager...
         Starting Load/Save Random Seed...
         Starting Flush Journal to Persistent Storage...
[[0;32m  OK  [0m] Started Apply Kernel Variables.
[[0;32m  OK  [0m] Started Load/Save Random Seed.
[[0;32m  OK  [0m] Started udev Kernel Device Manager.
[[0;32m  OK  [0m] Started Flush Journal to Persistent Storage.
[[0;32m  OK  [0m] Found device /dev/ttyS0.
[[0;32m  OK  [0m] Listening on Load/Save RF Kill Switch Status /dev/rfkill Watch.
         Mounting Arbitrary Executable File Formats File System...
[[0;32m  OK  [0m] Started Set the console keyboard layout.
[[0;32m  OK  [0m] Mounted Arbitrary Executable File Formats File System.
[[0;32m  OK  [0m] Reached target Local File Systems (Pre).
[[0;32m  OK  [0m] Reached target Local File Systems.
         Starting Create Volatile Files and Directories...
         Starting Commit a transient machine-id on disk...
         Starting Tell Plymouth To Write Out Runtime Data...
         Starting ebtables ruleset management...
         Starting Set console font and keymap...
         Starting AppArmor initialization...
[[0;32m  OK  [0m] Started Dispatch Password Requests to Console Directory Watch.
[[0;32m  OK  [0m] Reached target Local Encrypted Volumes.
[[0;32m  OK  [0m] Started Tell Plymouth To Write Out Runtime Data.
[[0;32m  OK  [0m] Started Create Volatile Files and Directories.
         Starting Update UTMP about System Boot/Shutdown...
[[0;32m  OK  [0m] Started Commit a transient machine-id on disk.
[[0;32m  OK  [0m] Started Update UTMP about System Boot/Shutdown.
[[0;32m  OK  [0m] Started ebtables ruleset management.
[[0;32m  OK  [0m] Started Set console font and keymap.
[[0;32m  OK  [0m] Started AppArmor initialization.
         Starting Load AppArmor profiles managed internally by snapd...
         Starting Initial cloud-init job (pre-networking)...
[[0;32m  OK  [0m] Started Load AppArmor profiles managed internally by snapd.
[   13.054878] cloud-init[786]: Cloud-init v. 22.3.4-0ubuntu1~18.04.1 running 'init-local' at Wed, 14 Dec 2022 19:43:12 +0000. Up 12.53 seconds.
[[0;32m  OK  [0m] Started Initial cloud-init job (pre-networking).
[[0;32m  OK  [0m] Reached target Network (Pre).
         Starting Network Service...
[[0;32m  OK  [0m] Started Network Service.
         Starting Network Name Resolution...
         Starting Wait for Network to be Configured...
[[0;32m  OK  [0m] Started Network Name Resolution.
[[0;32m  OK  [0m] Reached target Host and Network Name Lookups.
[[0;32m  OK  [0m] Reached target Network.
[[0;32m  OK  [0m] Started Wait for Network to be Configured.
         Starting Initial cloud-init job (metadata service crawler)...
[   15.263967] cloud-init[864]: Cloud-init v. 22.3.4-0ubuntu1~18.04.1 running 'init' at Wed, 14 Dec 2022 19:43:15 +0000. Up 15.05 seconds.
[   15.267990] cloud-init[864]: ci-info: ++++++++++++++++++++++++++++++++++++++Net device info++++++++++++++++++++++++++++++++++++++
[   15.272318] cloud-init[864]: ci-info: +--------+-------+---------------------------+---------------+--------+-------------------+
[   15.275385] cloud-init[864]: ci-info: | Device |   Up  |          Address          |      Mask     | Scope  |     Hw-Address    |
[   15.280445] cloud-init[864]: ci-info: +--------+-------+---------------------------+---------------+--------+-------------------+
[   15.281886] cloud-init[864]: ci-info: | enp0s3 |  True |         10.0.2.15         | 255.255.255.0 | global | 02:0b:d2:67:80:32 |
[   15.286569] cloud-init[864]: ci-info: | enp0s3 |  True | fe80::b:d2ff:fe67:8032/64 |       .       |  link  | 02:0b:d2:67:80:32 |
[   15.288405] cloud-init[864]: ci-info: | enp0s8 | False |             .             |       .       |   .    | 08:00:27:12:de:67 |
[   15.293148] cloud-init[864]: ci-info: |   lo   |  True |         127.0.0.1         |   255.0.0.0   |  host  |         .         |
[   15.305464] cloud-init[864]: ci-info: |   lo   |  True |          ::1/128          |       .       |  host  |         .         |
[   15.307192] cloud-init[864]: ci-info: +--------+-------+---------------------------+---------------+--------+-------------------+
[   15.312434] cloud-init[864]: ci-info: ++++++++++++++++++++++++++++Route IPv4 info+++++++++++++++++++++++++++++
[   15.326958] cloud-init[864]: ci-info: +-------+-------------+----------+-----------------+-----------+-------+
[   15.340590] cloud-init[864]: ci-info: | Route | Destination | Gateway  |     Genmask     | Interface | Flags |
[   15.342516] cloud-init[864]: ci-info: +-------+-------------+----------+-----------------+-----------+-------+
[   15.349512] cloud-init[864]: ci-info: |   0   |   0.0.0.0   | 10.0.2.2 |     0.0.0.0     |   enp0s3  |   UG  |
[   15.351612] cloud-init[864]: ci-info: |   1   |   10.0.2.0  | 0.0.0.0  |  255.255.255.0  |   enp0s3  |   U   |
[   15.363633] cloud-init[864]: ci-info: |   2   |   10.0.2.2  | 0.0.0.0  | 255.255.255.255 |   enp0s3  |   UH  |
[   15.364959] cloud-init[864]: ci-info: +-------+-------------+----------+-----------------+-----------+-------+
[   15.366359] cloud-init[864]: ci-info: +++++++++++++++++++Route IPv6 info+++++++++++++++++++
[   15.367689] cloud-init[864]: ci-info: +-------+-------------+---------+-----------+-------+
[   15.368814] cloud-init[864]: ci-info: | Route | Destination | Gateway | Interface | Flags |
[   15.370363] cloud-init[864]: ci-info: +-------+-------------+---------+-----------+-------+
[   15.372916] cloud-init[864]: ci-info: |   1   |  fe80::/64  |    ::   |   enp0s3  |   U   |
[   15.376650] cloud-init[864]: ci-info: |   3   |    local    |    ::   |   enp0s3  |   U   |
[   15.382774] cloud-init[864]: ci-info: |   4   |   ff00::/8  |    ::   |   enp0s3  |   U   |
[   15.384565] cloud-init[864]: ci-info: +-------+-------------+---------+-----------+-------+
[   16.284083] cloud-init[864]: Generating public/private rsa key pair.
[   16.301119] cloud-init[864]: Your identification has been saved in /etc/ssh/ssh_host_rsa_key.
[   16.302428] cloud-init[864]: Your public key has been saved in /etc/ssh/ssh_host_rsa_key.pub.
[   16.319823] cloud-init[864]: The key fingerprint is:
[   16.336884] cloud-init[864]: SHA256:AqJvWWZuhp6H1AuDAjSRfIdF4i+cwmfhBrBX2MTR1mo root@ubuntu-bionic
[   16.338077] cloud-init[864]: The key's randomart image is:
[   16.355185] cloud-init[864]: +---[RSA 2048]----+
[   16.355968] cloud-init[864]: |o.o*B= .         |
[[0;32m  OK  [0m] Started Initial cloud-init job (metadata service crawler).
[[0;32m  OK  [0m] Reached target Network is Online.
[   16.371682] cloud-init[864]: |.*o++.o .        |
[   16.374071] cloud-init[864]: |o.=oo. .         |
         Starting Availability of block devices...
[[0;32m  OK  [0m] Reached target Remote File Systems (Pre).
[[0;32m  OK  [0m] Reached target Remote File Systems.
[[0;32m  OK  [0m] Reached target System Initialization.
[[   16.385529] [0;32m  OK  [0m] Started Daily apt download activities.
[[0;32m  OK  [0m] Listening on cloud-init hotplug hook socket.
cloud-init[864]: |oo+.+.E          |
[   16.389011] cloud-init[864]: |o+ X+o. S        |
[[0;32m  OK  [0m] Started ACPI Events Check.
[[0;32m  OK  [0m] Reached target Paths.
         Starting Socket activation for snappy daemon.[   16.405618] cloud-init[864]: |o.OBo  .         |
[   16.409454] cloud-init[864]: |..=++.           |
[   16.410187] cloud-init[864]: | o.+o            |
[   16.410761] cloud-init[864]: |  o.             |
[   16.411414] cloud-init[864]: +----[SHA256]-----+
[   16.411979] 
[[0;32m  OK  [0m] Started Daily Cleanup of Temporary Directories.
[[0;32m  OK  [0m] Listening on ACPID Listen Socket.
[[0;32m  OK  [0m] Started Discard unused blocks once a week.
[[0;32m  OK  [0m] Listening on Open-iSCSI iscsid Socket.
cloud-init[864]: Generating public/private dsa key pair.
[   16.417372] cloud-init[864]: Your identification has been saved in /etc/ssh/ssh_host_dsa_key.
         Starting LXD - unix socket.
[[0;32m  OK  [0m] Listening on D-Bus System Message Bus Socket.
[[0;32m  OK  [0m] Listening on UUID daemon activation socket.
[[0;32m  OK  [0m] Started Ubuntu Advantage Timer for running repeated jobs.
[[0;32m  OK  [0m] Started Message of the Day.
[[0;32m  OK  [0m] Started Daily apt upgrade and clean activities.
[[0;32m  OK  [0m] Reached target Timers.
[[0;32m  OK  [0m] Reached target Cloud-config availability.
[   16.428569] cloud-init[864]: Your public key has been saved in /etc/ssh/ssh_host_dsa_key.pub.
[   16.456383] cloud-init[864]: The key fingerprint is:
[[0;32m  OK  [0m] Started Availability of block devices.
[[0;32m  OK  [0m] Listening on Socket activation for snappy daemon.
[   16.476151] cloud-init[864]: SHA256:l/UucOGJ391FAACn4fySO0OVFdCiXPGzcKoC0lkO6tI root@ubuntu-bionic
[   16.488934] cloud-init[864]: The key's randomart image is:
[[0;32m  OK  [0m] Listening on LXD - unix socket.
[[0;32m  OK  [0m] Reached target Sockets.
[[0;32m  OK  [0m] Reached target Basic System.
[   16.493454] cloud-init[864]: +---[DSA 1024]----+
[   16.494562]          cloud-init[864]: |        o.==+o.  |
[   16.496682] cloud-init[864]: |       o +o+.  . |
[   16.497277] cloud-init[864]: |    . ..+o+.*   .|
[   16.497863] cloud-init[864]: |   o =  o+ O * . |
[   16.498460] cloud-init[864]: |  o + . S B = . .|
[   16.499476] cloud-init[864]: Starting Pollinate to seed the pseudo random number generator...
[[0;32m  OK  [0m] Started irqbalance daemon.
[[0;32m  OK  [0m] Started D-Bus System Message Bus.
| o . . . = + o .o|
[   16.517203] cloud-init[864]: |. E   . =   o o o|
[   16.527637] cloud-init[864]: | .     . o   .   |
[   16.540471] cloud-init[864]: |                 |
[   16.541166] cloud-init[864]: +----[SHA256]-----+
[   16.542059] cloud-init[864]: Generating public/private ecdsa key pair.
[   16.543758] cloud-init[864]: Your identification has been saved in /etc/ssh/ssh_host_ecdsa_key.
[   16.550874] cloud-init[864]: Your public key has been saved in /etc/ssh/ssh_host_ecdsa_key.pub.
[   16.553061] cloud-init[864]: The key fingerprint is:
[   16.555478] cloud-init[864]: SHA256:u2omsqPVDfuH6U87GsOcoHRXoun2apadXBMdk93cN4M root@ubuntu-bionic
[   16.560347] cloud-init[864]: The key's randomart image is:
[   16.567919] cloud-init[864]: +---[ECDSA 256]---+
[   16.583839] [[0;32m  OK  [0m] Started Regular background program processing daemon.
cloud-init[864]: |           o o.. |
[   16.593413] cloud-init         [864]: |          + .Eooo|
[   16.595778] Starting Accounts Service...
cloud-init[864]: |      . .. o    +|
         Starting System Logging Service...
[   16.606680] cloud-init[864]: |     o o. .      |
         Starting Virtualbox guest utils...
[   16.613130]          Starting Permit User Sessions...
cloud-init[864]: |  . * . S.       |
         [   16.629340] cloud-init[864]: | . = O .o.       |
[   16.630265] cloud-init[864]: |  o =+B=o.       |
[   16.631214] cloud-init[864]: | .o.=oO+oo       |
Starting Login Service...
[[0;32m  OK  [0m] Started FUSE filesystem for LXC.
[[0;32m  OK  [0m] Reached target Login Prompts (Pre).
         Starting LSB: Record successful boot for GRUB...
[   16.652008] cloud-init[864]: |...*.**=+.       |
[   16.659686] cloud-init[864]: +----[SHA256]-----+
[   16.663433] cloud-init[864]: Generating public/private ed25519 key pair.
[   16.672784] cloud-init[864]: Your identification has been saved in /etc/ssh/ssh_host_ed25519_key.
[   16.680791] cloud-init[864]: Your public key has been saved in /etc/ssh/ssh_host_ed25519_key.pub.
[   16.697008] cloud-init[864]: The key fingerprint is:
[   16.706154] cloud-init[864]: SHA256:ifOV6l1qzvSUJnkw469QuMvi3TBspOMaQXN63jKgDKc root@ubuntu-bionic
[   16.711476] cloud-init[864]: The key's randomart image is:
[   16.714973] cloud-init[864]: +--[ED25519 256]--+
[   16.717365] cloud-init[864]: |                 |         Starting Dispatcher daemon for systemd-networkd...
         Starting LXD - container startup/shutdown...

[   16.727143] cloud-init[864]: |                 |[[0;32m  OK  [0m] Started Deferred execution scheduler.
         Starting LSB: automatic crash report generation...

[   16.762415] cloud-init[864]: |    o .          |
[   16.784399] cloud-init[864]: |   . + . o .     |
[   16.790006] cloud-init[864]: |. . + + S B      |
[   16.795915] cloud-init[864]: | = . = B * = .   |
[   16.800727] cloud-init[864]: |E o . * @ = *    |
[   16.802765] cloud-init[864]: |     o.O X.X     |
         Starting Snap Daemon...
[[0;32m  OK  [0m] Started System Logging Service.
[   16.811978] cloud-init[864]: |    .oo.=oB.o    |
[[   16.825546] cloud-init[864]: +----[SHA256]-----+
[0;32m  OK  [0m] Started Permit User Sessions.
[[0;32m  OK  [0m] Started Login Service.
[[0;32m  OK  [0m] Started Unattended Upgrades Shutdown.
         Starting Authorization Manager...
         Starting Hold until boot process finishes up...
         Starting Terminate Plymouth Boot Screen...
[[0;32m  OK  [0m] Started Hold until boot process finishes up.
[[0;32m  OK  [0m] Started Serial Getty on ttyS0.
         Starting Set console scheme...
[[0;32m  OK  [0m] Started Terminate Plymouth Boot Screen.
[[0;32m  OK  [0m] Started LSB: Record successful boot for GRUB.
[[0;32m  OK  [0m] Started LSB: automatic crash report generation.
[[0;32m  OK  [0m] Started Authorization Manager.
[[0;32m  OK  [0m] Started Accounts Service.
[[0;32m  OK  [0m] Started Set console scheme.
[[0;32m  OK  [0m] Created slice system-getty.slice.
[[0;32m  OK  [0m] Started Getty on tty1.
[[0;32m  OK  [0m] Reached target Login Prompts.
[[0;32m  OK  [0m] Started LXD - container startup/shutdown.
[[0;32m  OK  [0m] Started Virtualbox guest utils.
[[0;32m  OK  [0m] Started Dispatcher daemon for systemd-networkd.
[[0;32m  OK  [0m] Started Snap Daemon.
         Starting Wait until snapd is fully seeded...
[[0;32m  OK  [0m] Started Pollinate to seed the pseudo random number generator.
         Starting OpenBSD Secure Shell server...
[[0;32m  OK  [0m] Started OpenBSD Secure Shell server.
         Starting Time & Date Service...
[[0;32m  OK  [0m] Started Time & Date Service.
[[0;32m  OK  [0m] Started Wait until snapd is fully seeded.
         Starting Apply the settings specified in cloud-config...
[[0;32m  OK  [0m] Created slice User Slice of vagrant.
         Starting User Manager for UID 1000...
[[0;32m  OK  [0m] Started Session 1 of user vagrant.
[[0;32m  OK  [0m] Started User Manager for UID 1000.
[   23.021234] cloud-init[1260]: Cloud-init v. 22.3.4-0ubuntu1~18.04.1 running 'modules:config' at Wed, 14 Dec 2022 19:43:21 +0000. Up 21.53 seconds.

Ubuntu 18.04.6 LTS ubuntu-bionic ttyS0

ubuntu-bionic login: ci-info: no authorized SSH keys fingerprints found for user ubuntu.
<14>Dec 14 19:43:26 cloud-init: #############################################################
<14>Dec 14 19:43:26 cloud-init: -----BEGIN SSH HOST KEY FINGERPRINTS-----
<14>Dec 14 19:43:26 cloud-init: 1024 SHA256:l/UucOGJ391FAACn4fySO0OVFdCiXPGzcKoC0lkO6tI root@ubuntu-bionic (DSA)
<14>Dec 14 19:43:26 cloud-init: 256 SHA256:u2omsqPVDfuH6U87GsOcoHRXoun2apadXBMdk93cN4M root@ubuntu-bionic (ECDSA)
<14>Dec 14 19:43:26 cloud-init: 256 SHA256:ifOV6l1qzvSUJnkw469QuMvi3TBspOMaQXN63jKgDKc root@ubuntu-bionic (ED25519)
<14>Dec 14 19:43:26 cloud-init: 2048 SHA256:AqJvWWZuhp6H1AuDAjSRfIdF4i+cwmfhBrBX2MTR1mo root@ubuntu-bionic (RSA)
<14>Dec 14 19:43:26 cloud-init: -----END SSH HOST KEY FINGERPRINTS-----
<14>Dec 14 19:43:26 cloud-init: #############################################################
-----BEGIN SSH HOST KEY KEYS-----
ecdsa-sha2-nistp256 AAAAE2VjZHNhLXNoYTItbmlzdHAyNTYAAAAIbmlzdHAyNTYAAABBBJa8MpUPE73fP1VH8qPXWz4V7ZR6qVyx0bVrmsromUkgDj3/p3hZ7/6ZebRrE1R/gPxKtgTdiYy3pDUU0W3K9jA= root@ubuntu-bionic
ssh-ed25519 AAAAC3NzaC1lZDI1NTE5AAAAIPpg5qRL2WREk8fSTsjXLmRidNG4Yqmgrvt5XtACGY6R root@ubuntu-bionic
ssh-rsa AAAAB3NzaC1yc2EAAAADAQABAAABAQDTOSVaQtw2prEsyzDtRNX3Po5t4odDo6IyvjpCu3GUUEQAmfk+oTeTtFBGMcammKbA/OK6PRQnDn847lQd/IQnECR2Ha2MTH2rGBEpRjPVX3O5GRkzpjS8sYXtMi/YGsni98F7QlckrQzc2AcTLTDrMctSQDrEAcNg3ngG/peBlj4QiJwcHGlDLC1zDIbhCOQBn8dJrFaR/kaasbnhocF+NOpnXQ0jMzh5B9EkhHSAK0ye1/y1Mv2z9FS6wXsSlrZcFXXx1xrBeVYDne11yTnOd1EUHskpC4ilDQGfRyjiRpKzuuCnEmuctZijn06w//ZhOnEf8EqMD7QW9rCovIQF root@ubuntu-bionic
-----END SSH HOST KEY KEYS-----
[   25.976650] cloud-init[1394]: Cloud-init v. 22.3.4-0ubuntu1~18.04.1 running 'modules:final' at Wed, 14 Dec 2022 19:43:25 +0000. Up 24.86 seconds.
[   26.018546] cloud-init[1394]: Cloud-init v. 22.3.4-0ubuntu1~18.04.1 finished at Wed, 14 Dec 2022 19:43:26 +0000. Datasource DataSourceNoCloud [seed=/dev/sdb][dsmode=net].  Up 25.94 seconds
